---
http_interactions:
- request:
    method: post
    uri: https://ak-test-2nUrWp1vUFJ9T17cN1sbKBGvue3lZkHmE:@api.balancedpayments.com/v1/customers
    body:
      encoding: UTF-8
      string: '{"name":"Market 11","meta":{"entity_id":11,"entity_name":"Market 11","entity_type":"market"}}'
    headers:
      User-Agent:
      - balanced-ruby/0.8.2
      Content-Type:
      - application/json
      Accept-Encoding:
      - gzip;q=1.0,deflate;q=0.6,identity;q=0.3
      Accept:
      - "*/*"
  response:
    status:
      code: 201
      message: CREATED
    headers:
      Content-Type:
      - application/json
      Date:
      - Fri, 11 Jul 2014 16:50:59 GMT
      Location:
      - http://bapi-integration-prod-8u30f7.us-west-1.vandelay.io/v1/customers/CU4arrFcwh0w5ZEmVxEI3OS1
      Server:
      - ngx_openresty/1.2.6.3
      X-Balanced-Guru:
      - OHM88f105b2091b11e4ab5302a1fe52a36c
      X-Balanced-Host:
      - bapi-integration-prod-8u30f7-10-3-4-8
      X-Balanced-Marketplace:
      - TEST-MP4X7mSSQwAyDzwUfc5TAQ7D
      X-Balanced-Merchant:
      - TEST-MR4RZnrOZZQznEBncFS5xnVS
      X-Balanced-Revision:
      - '1.0'
      X-Balanced-Software-Build:
      - 1.2.82
      X-Midlr-Version:
      - '2'
      X-Newrelic-App-Data:
      - PxQFWFNXCQYTVVhWAwQDVUYdFhE1AwE2QgNWEVlbQFtcCxYxSBVbDQoZVA4IF0pcXAgEEBhSQhUQXltWEBVNAUIHWRZdGhgSA0kZUR9TAlNUBgJYVFUJAAJWUVAGBBtGXQIaE0BUU1YEVgxbAQhSVFVdCgVSQx9CAldbEgM+
      Content-Length:
      - '1699'
      Connection:
      - keep-alive
    body:
      encoding: UTF-8
      string: |-
        {
          "_type": "customer",
          "twitter": null,
          "reversals_uri": "/v1/customers/CU4arrFcwh0w5ZEmVxEI3OS1/reversals",
          "phone": null,
          "meta": {
            "entity_id": "11",
            "entity_name": "Market 11",
            "entity_type": "market"
          },
          "facebook": null,
          "address": {},
          "business_name": null,
          "bank_accounts_uri": "/v1/customers/CU4arrFcwh0w5ZEmVxEI3OS1/bank_accounts",
          "id": "CU4arrFcwh0w5ZEmVxEI3OS1",
          "credits_uri": "/v1/customers/CU4arrFcwh0w5ZEmVxEI3OS1/credits",
          "cards_uri": "/v1/customers/CU4arrFcwh0w5ZEmVxEI3OS1/cards",
          "holds_uri": "/v1/customers/CU4arrFcwh0w5ZEmVxEI3OS1/holds",
          "name": "Market 11",
          "refunds_uri": "/v1/customers/CU4arrFcwh0w5ZEmVxEI3OS1/refunds",
          "dob": null,
          "created_at": "2014-07-11T16:50:59.464948Z",
          "destination": null,
          "is_identity_verified": false,
          "uri": "/v1/customers/CU4arrFcwh0w5ZEmVxEI3OS1",
          "source": null,
          "_uris": {
            "transactions_uri": {
              "_type": "page",
              "key": "transactions"
            },
            "bank_accounts_uri": {
              "_type": "page",
              "key": "bank_accounts"
            },
            "refunds_uri": {
              "_type": "page",
              "key": "refunds"
            },
            "debits_uri": {
              "_type": "page",
              "key": "debits"
            },
            "holds_uri": {
              "_type": "page",
              "key": "holds"
            },
            "reversals_uri": {
              "_type": "page",
              "key": "reversals"
            },
            "credits_uri": {
              "_type": "page",
              "key": "credits"
            },
            "cards_uri": {
              "_type": "page",
              "key": "cards"
            }
          },
          "debits_uri": "/v1/customers/CU4arrFcwh0w5ZEmVxEI3OS1/debits",
          "transactions_uri": "/v1/customers/CU4arrFcwh0w5ZEmVxEI3OS1/transactions",
          "ssn_last4": null,
          "email": null,
          "ein": null
        }
    http_version: 
  recorded_at: Fri, 11 Jul 2014 16:51:00 GMT
- request:
    method: post
    uri: https://ak-test-2nUrWp1vUFJ9T17cN1sbKBGvue3lZkHmE:@api.balancedpayments.com/v1/bank_accounts
    body:
      encoding: UTF-8
      string: '{"routing_number":"021000021","account_number":"9900000002","name":"Johann
        Bernoulli","type":"checking"}'
    headers:
      User-Agent:
      - balanced-ruby/0.8.2
      Content-Type:
      - application/json
      Accept-Encoding:
      - gzip;q=1.0,deflate;q=0.6,identity;q=0.3
      Accept:
      - "*/*"
  response:
    status:
      code: 201
      message: CREATED
    headers:
      Access-Control-Allow-Headers:
      - Content-Type
      Access-Control-Allow-Methods:
      - POST, OPTIONS
      Access-Control-Allow-Origin:
      - "*"
      Content-Type:
      - application/json
      Date:
      - Fri, 11 Jul 2014 16:51:00 GMT
      Location:
      - http://bapi-integration-prod-8u30f7.us-west-1.vandelay.io/v1/bank_accounts/BA4bB4iqYJedH5cjoeObbSMR
      Server:
      - ngx_openresty/1.2.6.3
      X-Balanced-Guru:
      - OHM897acc16091b11e4a52c02a1fe53e539
      X-Balanced-Host:
      - bapi-integration-prod-8u30f7-10-3-4-8
      X-Balanced-Marketplace:
      - TEST-MP4X7mSSQwAyDzwUfc5TAQ7D
      X-Balanced-Merchant:
      - TEST-MR4RZnrOZZQznEBncFS5xnVS
      X-Balanced-Revision:
      - '1.0'
      X-Balanced-Software-Build:
      - 1.2.82
      X-Midlr-Version:
      - '2'
      X-Newrelic-App-Data:
      - PxQFWFNXCQYTVVhWAwQDVUYdFhE1AwE2QgNWEVlbQFtcCxYxSBVbDQoZVA4IF0pcXAgEEBhTVggPbldQAQkWDEQRFgFKXVVGVkcVQQFNE1JKBAdXXlMICgNTV1cFBA9RXR0WAVNeT0ISUgsBDw8GBgdcX1NXBAZWUhQbQQACVEBVOQ==
      Content-Length:
      - '965'
      Connection:
      - keep-alive
    body:
      encoding: UTF-8
      string: |-
        {
          "credits_uri": "/v1/bank_accounts/BA4bB4iqYJedH5cjoeObbSMR/credits",
          "bank_name": "JPMORGAN CHASE BANK",
          "_type": "bank_account",
          "customer": null,
          "_uris": {
            "debits_uri": {
              "_type": "page",
              "key": "debits"
            },
            "verifications_uri": {
              "_type": "page",
              "key": "verifications"
            },
            "credits_uri": {
              "_type": "page",
              "key": "credits"
            }
          },
          "fingerprint": "2ef53fa3f76e47c5930f77fe0a59aa103b5abfd5622f08305b786808ec574a1e",
          "can_debit": false,
          "id": "BA4bB4iqYJedH5cjoeObbSMR",
          "verifications_uri": "/v1/bank_accounts/BA4bB4iqYJedH5cjoeObbSMR/verifications",
          "routing_number": "021000021",
          "verification_uri": null,
          "name": "Johann Bernoulli",
          "created_at": "2014-07-11T16:51:00.493374Z",
          "uri": "/v1/bank_accounts/BA4bB4iqYJedH5cjoeObbSMR",
          "meta": {},
          "debits_uri": "/v1/bank_accounts/BA4bB4iqYJedH5cjoeObbSMR/debits",
          "account_number": "xxxxxx0002",
          "type": "checking"
        }
    http_version: 
  recorded_at: Fri, 11 Jul 2014 16:51:00 GMT
- request:
    method: get
    uri: https://ak-test-2nUrWp1vUFJ9T17cN1sbKBGvue3lZkHmE:@api.balancedpayments.com/v1/customers/CU4arrFcwh0w5ZEmVxEI3OS1
    body:
      encoding: US-ASCII
      string: ''
    headers:
      User-Agent:
      - balanced-ruby/0.8.2
      Accept-Encoding:
      - gzip;q=1.0,deflate;q=0.6,identity;q=0.3
      Accept:
      - "*/*"
  response:
    status:
      code: 200
      message: OK
    headers:
      Content-Type:
      - application/json
      Date:
      - Fri, 11 Jul 2014 16:51:01 GMT
      Server:
      - ngx_openresty/1.2.6.3
      X-Balanced-Guru:
      - OHM89e9d994091b11e4a4e806429171ffad
      X-Balanced-Host:
      - bapi-integration-prod-8u30f7-10-3-4-8
      X-Balanced-Marketplace:
      - TEST-MP4X7mSSQwAyDzwUfc5TAQ7D
      X-Balanced-Merchant:
      - TEST-MR4RZnrOZZQznEBncFS5xnVS
      X-Balanced-Revision:
      - '1.0'
      X-Balanced-Software-Build:
      - 1.2.82
      Content-Length:
      - '483'
      Connection:
      - keep-alive
    body:
      encoding: UTF-8
      string: |-
        {
          "_type": "customer",
          "twitter": null,
          "reversals_uri": "/v1/customers/CU4arrFcwh0w5ZEmVxEI3OS1/reversals",
          "phone": null,
          "meta": {
            "entity_id": "11",
            "entity_name": "Market 11",
            "entity_type": "market"
          },
          "facebook": null,
          "address": {},
          "business_name": null,
          "bank_accounts_uri": "/v1/customers/CU4arrFcwh0w5ZEmVxEI3OS1/bank_accounts",
          "id": "CU4arrFcwh0w5ZEmVxEI3OS1",
          "credits_uri": "/v1/customers/CU4arrFcwh0w5ZEmVxEI3OS1/credits",
          "cards_uri": "/v1/customers/CU4arrFcwh0w5ZEmVxEI3OS1/cards",
          "holds_uri": "/v1/customers/CU4arrFcwh0w5ZEmVxEI3OS1/holds",
          "name": "Market 11",
          "refunds_uri": "/v1/customers/CU4arrFcwh0w5ZEmVxEI3OS1/refunds",
          "dob": null,
          "created_at": "2014-07-11T16:50:59.464948Z",
          "destination": null,
          "is_identity_verified": false,
          "uri": "/v1/customers/CU4arrFcwh0w5ZEmVxEI3OS1",
          "source": null,
          "_uris": {
            "transactions_uri": {
              "_type": "page",
              "key": "transactions"
            },
            "bank_accounts_uri": {
              "_type": "page",
              "key": "bank_accounts"
            },
            "refunds_uri": {
              "_type": "page",
              "key": "refunds"
            },
            "debits_uri": {
              "_type": "page",
              "key": "debits"
            },
            "holds_uri": {
              "_type": "page",
              "key": "holds"
            },
            "reversals_uri": {
              "_type": "page",
              "key": "reversals"
            },
            "credits_uri": {
              "_type": "page",
              "key": "credits"
            },
            "cards_uri": {
              "_type": "page",
              "key": "cards"
            }
          },
          "debits_uri": "/v1/customers/CU4arrFcwh0w5ZEmVxEI3OS1/debits",
          "transactions_uri": "/v1/customers/CU4arrFcwh0w5ZEmVxEI3OS1/transactions",
          "ssn_last4": null,
          "email": null,
          "ein": null
        }
    http_version: 
  recorded_at: Fri, 11 Jul 2014 16:51:01 GMT
- request:
    method: put
    uri: https://ak-test-2nUrWp1vUFJ9T17cN1sbKBGvue3lZkHmE:@api.balancedpayments.com/v1/customers/CU4arrFcwh0w5ZEmVxEI3OS1
    body:
      encoding: UTF-8
      string: '{"_type":"customer","twitter":null,"reversals_uri":"/v1/customers/CU4arrFcwh0w5ZEmVxEI3OS1/reversals","phone":null,"meta":{"entity_id":"11","entity_name":"Market
        11","entity_type":"market"},"facebook":null,"address":{"line1":"6789 Fake
        Dr","postal_code":"12345"},"business_name":"Market 11","bank_accounts_uri":"/v1/customers/CU4arrFcwh0w5ZEmVxEI3OS1/bank_accounts","id":"CU4arrFcwh0w5ZEmVxEI3OS1","credits_uri":"/v1/customers/CU4arrFcwh0w5ZEmVxEI3OS1/credits","cards_uri":"/v1/customers/CU4arrFcwh0w5ZEmVxEI3OS1/cards","holds_uri":"/v1/customers/CU4arrFcwh0w5ZEmVxEI3OS1/holds","name":"John
        Patrick Doe","refunds_uri":"/v1/customers/CU4arrFcwh0w5ZEmVxEI3OS1/refunds","dob":"1990-8","created_at":"2014-07-11T16:50:59.464948Z","destination":null,"is_identity_verified":false,"source":null,"_uris":{"transactions_uri":{"_type":"page","key":"transactions"},"bank_accounts_uri":{"_type":"page","key":"bank_accounts"},"refunds_uri":{"_type":"page","key":"refunds"},"debits_uri":{"_type":"page","key":"debits"},"holds_uri":{"_type":"page","key":"holds"},"reversals_uri":{"_type":"page","key":"reversals"},"credits_uri":{"_type":"page","key":"credits"},"cards_uri":{"_type":"page","key":"cards"}},"debits_uri":"/v1/customers/CU4arrFcwh0w5ZEmVxEI3OS1/debits","transactions_uri":"/v1/customers/CU4arrFcwh0w5ZEmVxEI3OS1/transactions","ssn_last4":"1234","email":null,"ein":"201234567"}'
    headers:
      User-Agent:
      - balanced-ruby/0.8.2
      Content-Type:
      - application/json
      Accept-Encoding:
      - gzip;q=1.0,deflate;q=0.6,identity;q=0.3
      Accept:
      - "*/*"
  response:
    status:
      code: 200
      message: OK
    headers:
      Content-Type:
      - application/json
      Date:
      - Fri, 11 Jul 2014 16:51:01 GMT
      Server:
      - ngx_openresty/1.2.6.3
      X-Balanced-Guru:
      - OHM8a2f105e091b11e49beb02a1fe52a36c
      X-Balanced-Host:
      - bapi-integration-prod-8u30f7-10-3-5-201
      X-Balanced-Marketplace:
      - TEST-MP4X7mSSQwAyDzwUfc5TAQ7D
      X-Balanced-Merchant:
      - TEST-MR4RZnrOZZQznEBncFS5xnVS
      X-Balanced-Revision:
      - '1.0'
      X-Balanced-Software-Build:
      - 1.2.82
      X-Midlr-Version:
      - '2'
      X-Newrelic-App-Data:
      - PxQFWFNXCQYTVVhWAwQDVUYdFhE1AwE2QgNWEVlbQFtcCxYxSBVbDQoZVA4IF0pcXAgEEBhSQhUQXltWEBVNF0AGWRZdGhgSA0kZUR9TC1tXAwdYXlUMCwBTUFAOHRdXVwYCH0JEV1oFUw9UXVwFBQpTAQQFAhFORFBWDRUGZQ==
      Content-Length:
      - '550'
      Connection:
      - keep-alive
    body:
      encoding: UTF-8
      string: |-
        {
          "_type": "customer",
          "twitter": null,
          "reversals_uri": "/v1/customers/CU4arrFcwh0w5ZEmVxEI3OS1/reversals",
          "phone": null,
          "meta": {
            "entity_id": "11",
            "entity_name": "Market 11",
            "entity_type": "market"
          },
          "facebook": null,
          "address": {
            "postal_code": "12345",
            "country_code": "USA",
            "line1": "6789 Fake Dr"
          },
          "business_name": "Market 11",
          "bank_accounts_uri": "/v1/customers/CU4arrFcwh0w5ZEmVxEI3OS1/bank_accounts",
          "id": "CU4arrFcwh0w5ZEmVxEI3OS1",
          "credits_uri": "/v1/customers/CU4arrFcwh0w5ZEmVxEI3OS1/credits",
          "cards_uri": "/v1/customers/CU4arrFcwh0w5ZEmVxEI3OS1/cards",
          "holds_uri": "/v1/customers/CU4arrFcwh0w5ZEmVxEI3OS1/holds",
          "name": "John Patrick Doe",
          "refunds_uri": "/v1/customers/CU4arrFcwh0w5ZEmVxEI3OS1/refunds",
          "dob": "1990-08",
          "created_at": "2014-07-11T16:50:59.464948Z",
          "destination": null,
          "is_identity_verified": true,
          "uri": "/v1/customers/CU4arrFcwh0w5ZEmVxEI3OS1",
          "source": null,
          "_uris": {
            "transactions_uri": {
              "_type": "page",
              "key": "transactions"
            },
            "bank_accounts_uri": {
              "_type": "page",
              "key": "bank_accounts"
            },
            "refunds_uri": {
              "_type": "page",
              "key": "refunds"
            },
            "debits_uri": {
              "_type": "page",
              "key": "debits"
            },
            "holds_uri": {
              "_type": "page",
              "key": "holds"
            },
            "reversals_uri": {
              "_type": "page",
              "key": "reversals"
            },
            "credits_uri": {
              "_type": "page",
              "key": "credits"
            },
            "cards_uri": {
              "_type": "page",
              "key": "cards"
            }
          },
          "debits_uri": "/v1/customers/CU4arrFcwh0w5ZEmVxEI3OS1/debits",
          "transactions_uri": "/v1/customers/CU4arrFcwh0w5ZEmVxEI3OS1/transactions",
          "ssn_last4": "xxxx",
          "email": null,
          "ein": "201234567"
        }
    http_version: 
  recorded_at: Fri, 11 Jul 2014 16:51:02 GMT
- request:
    method: put
    uri: https://ak-test-2nUrWp1vUFJ9T17cN1sbKBGvue3lZkHmE:@api.balancedpayments.com/v1/customers/CU4arrFcwh0w5ZEmVxEI3OS1
    body:
      encoding: UTF-8
      string: '{"_type":"customer","twitter":null,"reversals_uri":"/v1/customers/CU4arrFcwh0w5ZEmVxEI3OS1/reversals","phone":null,"meta":{"entity_id":"11","entity_name":"Market
        11","entity_type":"market"},"facebook":null,"address":{"postal_code":"12345","country_code":"USA","line1":"6789
        Fake Dr"},"business_name":"Market 11","bank_accounts_uri":"/v1/customers/CU4arrFcwh0w5ZEmVxEI3OS1/bank_accounts","id":"CU4arrFcwh0w5ZEmVxEI3OS1","credits_uri":"/v1/customers/CU4arrFcwh0w5ZEmVxEI3OS1/credits","cards_uri":"/v1/customers/CU4arrFcwh0w5ZEmVxEI3OS1/cards","holds_uri":"/v1/customers/CU4arrFcwh0w5ZEmVxEI3OS1/holds","name":"John
        Patrick Doe","refunds_uri":"/v1/customers/CU4arrFcwh0w5ZEmVxEI3OS1/refunds","dob":"1990-08","created_at":"2014-07-11T16:50:59.464948Z","destination":null,"is_identity_verified":true,"source":null,"_uris":{"transactions_uri":{"_type":"page","key":"transactions"},"bank_accounts_uri":{"_type":"page","key":"bank_accounts"},"refunds_uri":{"_type":"page","key":"refunds"},"debits_uri":{"_type":"page","key":"debits"},"holds_uri":{"_type":"page","key":"holds"},"reversals_uri":{"_type":"page","key":"reversals"},"credits_uri":{"_type":"page","key":"credits"},"cards_uri":{"_type":"page","key":"cards"}},"debits_uri":"/v1/customers/CU4arrFcwh0w5ZEmVxEI3OS1/debits","transactions_uri":"/v1/customers/CU4arrFcwh0w5ZEmVxEI3OS1/transactions","ssn_last4":"xxxx","email":null,"ein":"201234567","bank_account_uri":"/v1/bank_accounts/BA4bB4iqYJedH5cjoeObbSMR"}'
    headers:
      User-Agent:
      - balanced-ruby/0.8.2
      Content-Type:
      - application/json
      Accept-Encoding:
      - gzip;q=1.0,deflate;q=0.6,identity;q=0.3
      Accept:
      - "*/*"
  response:
    status:
      code: 200
      message: OK
    headers:
      Content-Type:
      - application/json
      Date:
      - Fri, 11 Jul 2014 16:51:02 GMT
      Server:
      - ngx_openresty/1.2.6.3
      X-Balanced-Guru:
      - OHM8aaf2ec4091b11e48da902a1fe53e539
      X-Balanced-Host:
      - bapi-integration-prod-8u30f7-10-3-4-8
      X-Balanced-Marketplace:
      - TEST-MP4X7mSSQwAyDzwUfc5TAQ7D
      X-Balanced-Merchant:
      - TEST-MR4RZnrOZZQznEBncFS5xnVS
      X-Balanced-Revision:
      - '1.0'
      X-Balanced-Software-Build:
      - 1.2.82
      X-Midlr-Version:
      - '2'
      X-Newrelic-App-Data:
      - PxQFWFNXCQYTVVhWAwQDVUYdFhE1AwE2QgNWEVlbQFtcCxYxSBVbDQoZVA4IF0pcXAgEEBhSQhUQXltWEBVNF0AGWRZdGhgSA0kZUR9UAFNWAxtBV1cNChxEQ1dUUFYCUwZTUAdVWlEABg5AFBhSU18WXDw=
      Content-Length:
      - '599'
      Connection:
      - keep-alive
    body:
      encoding: UTF-8
      string: |-
        {
          "_type": "customer",
          "twitter": null,
          "reversals_uri": "/v1/customers/CU4arrFcwh0w5ZEmVxEI3OS1/reversals",
          "phone": null,
          "meta": {
            "entity_id": "11",
            "entity_name": "Market 11",
            "entity_type": "market"
          },
          "facebook": null,
          "address": {
            "postal_code": "12345",
            "country_code": "USA",
            "line1": "6789 Fake Dr"
          },
          "destination_uri": "/v1/customers/CU4arrFcwh0w5ZEmVxEI3OS1/bank_accounts/BA4bB4iqYJedH5cjoeObbSMR",
          "business_name": "Market 11",
          "bank_accounts_uri": "/v1/customers/CU4arrFcwh0w5ZEmVxEI3OS1/bank_accounts",
          "id": "CU4arrFcwh0w5ZEmVxEI3OS1",
          "credits_uri": "/v1/customers/CU4arrFcwh0w5ZEmVxEI3OS1/credits",
          "cards_uri": "/v1/customers/CU4arrFcwh0w5ZEmVxEI3OS1/cards",
          "holds_uri": "/v1/customers/CU4arrFcwh0w5ZEmVxEI3OS1/holds",
          "name": "John Patrick Doe",
          "refunds_uri": "/v1/customers/CU4arrFcwh0w5ZEmVxEI3OS1/refunds",
          "dob": "1990-08",
          "created_at": "2014-07-11T16:50:59.464948Z",
          "is_identity_verified": true,
          "uri": "/v1/customers/CU4arrFcwh0w5ZEmVxEI3OS1",
          "source": null,
          "_uris": {
            "transactions_uri": {
              "_type": "page",
              "key": "transactions"
            },
            "bank_accounts_uri": {
              "_type": "page",
              "key": "bank_accounts"
            },
            "refunds_uri": {
              "_type": "page",
              "key": "refunds"
            },
            "debits_uri": {
              "_type": "page",
              "key": "debits"
            },
            "destination_uri": {
              "_type": "bank_account",
              "key": "destination"
            },
            "holds_uri": {
              "_type": "page",
              "key": "holds"
            },
            "reversals_uri": {
              "_type": "page",
              "key": "reversals"
            },
            "credits_uri": {
              "_type": "page",
              "key": "credits"
            },
            "cards_uri": {
              "_type": "page",
              "key": "cards"
            }
          },
          "debits_uri": "/v1/customers/CU4arrFcwh0w5ZEmVxEI3OS1/debits",
          "transactions_uri": "/v1/customers/CU4arrFcwh0w5ZEmVxEI3OS1/transactions",
          "ssn_last4": "xxxx",
          "email": null,
          "ein": "201234567"
        }
    http_version: 
  recorded_at: Fri, 11 Jul 2014 16:51:03 GMT
- request:
    method: get
    uri: https://ak-test-2nUrWp1vUFJ9T17cN1sbKBGvue3lZkHmE:@api.balancedpayments.com/v1/bank_accounts/BA4bB4iqYJedH5cjoeObbSMR
    body:
      encoding: US-ASCII
      string: ''
    headers:
      User-Agent:
      - balanced-ruby/0.8.2
      Accept-Encoding:
      - gzip;q=1.0,deflate;q=0.6,identity;q=0.3
      Accept:
      - "*/*"
  response:
    status:
      code: 200
      message: OK
    headers:
      Content-Type:
      - application/json
      Date:
      - Fri, 11 Jul 2014 16:51:03 GMT
      Server:
      - ngx_openresty/1.2.6.3
      X-Balanced-Guru:
      - OHM8b420b5e091b11e4b7da06429171ffad
      X-Balanced-Host:
      - bapi-integration-prod-8u30f7-10-3-5-201
      X-Balanced-Marketplace:
      - TEST-MP4X7mSSQwAyDzwUfc5TAQ7D
      X-Balanced-Merchant:
      - TEST-MR4RZnrOZZQznEBncFS5xnVS
      X-Balanced-Revision:
      - '1.0'
      X-Balanced-Software-Build:
      - 1.2.82
      Content-Length:
      - '825'
      Connection:
      - keep-alive
    body:
      encoding: UTF-8
      string: |-
        {
          "credits_uri": "/v1/bank_accounts/BA4bB4iqYJedH5cjoeObbSMR/credits",
          "bank_name": "JPMORGAN CHASE BANK",
          "_type": "bank_account",
          "customer": {
            "customer_uri": "/v1/customers/CU4arrFcwh0w5ZEmVxEI3OS1",
            "_type": "account",
            "_uris": {
              "transactions_uri": {
                "_type": "page",
                "key": "transactions"
              },
              "bank_accounts_uri": {
                "_type": "page",
                "key": "bank_accounts"
              },
              "refunds_uri": {
                "_type": "page",
                "key": "refunds"
              },
              "customer_uri": {
                "_type": "customer",
                "key": "customer"
              },
              "debits_uri": {
                "_type": "page",
                "key": "debits"
              },
              "holds_uri": {
                "_type": "page",
                "key": "holds"
              },
              "reversals_uri": {
                "_type": "page",
                "key": "reversals"
              },
              "credits_uri": {
                "_type": "page",
                "key": "credits"
              },
              "cards_uri": {
                "_type": "page",
                "key": "cards"
              }
            },
            "transactions_uri": "/v1/marketplaces/TEST-MP4X7mSSQwAyDzwUfc5TAQ7D/accounts/CU4arrFcwh0w5ZEmVxEI3OS1/transactions",
            "name": "John Patrick Doe",
            "roles": [
              "merchant"
            ],
            "created_at": "2014-07-11T16:50:59.464948Z",
            "uri": "/v1/marketplaces/TEST-MP4X7mSSQwAyDzwUfc5TAQ7D/accounts/CU4arrFcwh0w5ZEmVxEI3OS1",
            "reversals_uri": "/v1/marketplaces/TEST-MP4X7mSSQwAyDzwUfc5TAQ7D/accounts/CU4arrFcwh0w5ZEmVxEI3OS1/reversals",
            "refunds_uri": "/v1/marketplaces/TEST-MP4X7mSSQwAyDzwUfc5TAQ7D/accounts/CU4arrFcwh0w5ZEmVxEI3OS1/refunds",
            "meta": {
              "entity_id": "11",
              "entity_name": "Market 11",
              "entity_type": "market"
            },
            "debits_uri": "/v1/marketplaces/TEST-MP4X7mSSQwAyDzwUfc5TAQ7D/accounts/CU4arrFcwh0w5ZEmVxEI3OS1/debits",
            "holds_uri": "/v1/marketplaces/TEST-MP4X7mSSQwAyDzwUfc5TAQ7D/accounts/CU4arrFcwh0w5ZEmVxEI3OS1/holds",
            "bank_accounts_uri": "/v1/marketplaces/TEST-MP4X7mSSQwAyDzwUfc5TAQ7D/accounts/CU4arrFcwh0w5ZEmVxEI3OS1/bank_accounts",
            "email_address": null,
            "id": "CU4arrFcwh0w5ZEmVxEI3OS1",
            "credits_uri": "/v1/marketplaces/TEST-MP4X7mSSQwAyDzwUfc5TAQ7D/accounts/CU4arrFcwh0w5ZEmVxEI3OS1/credits",
            "cards_uri": "/v1/marketplaces/TEST-MP4X7mSSQwAyDzwUfc5TAQ7D/accounts/CU4arrFcwh0w5ZEmVxEI3OS1/cards"
          },
          "_uris": {
            "debits_uri": {
              "_type": "page",
              "key": "debits"
            },
            "verifications_uri": {
              "_type": "page",
              "key": "verifications"
            },
            "credits_uri": {
              "_type": "page",
              "key": "credits"
            }
          },
          "fingerprint": "2ef53fa3f76e47c5930f77fe0a59aa103b5abfd5622f08305b786808ec574a1e",
          "can_debit": false,
          "id": "BA4bB4iqYJedH5cjoeObbSMR",
          "verifications_uri": "/v1/bank_accounts/BA4bB4iqYJedH5cjoeObbSMR/verifications",
          "routing_number": "021000021",
          "verification_uri": null,
          "name": "Johann Bernoulli",
          "created_at": "2014-07-11T16:51:00.493374Z",
          "uri": "/v1/bank_accounts/BA4bB4iqYJedH5cjoeObbSMR",
          "meta": {},
          "debits_uri": "/v1/bank_accounts/BA4bB4iqYJedH5cjoeObbSMR/debits",
          "account_number": "xxxxxx0002",
          "type": "checking"
        }
    http_version: 
  recorded_at: Fri, 11 Jul 2014 16:51:03 GMT
- request:
    method: post
    uri: https://ak-test-2nUrWp1vUFJ9T17cN1sbKBGvue3lZkHmE:@api.balancedpayments.com/v1/bank_accounts/BA4bB4iqYJedH5cjoeObbSMR/verifications
    body:
      encoding: UTF-8
      string: "{}"
    headers:
      User-Agent:
      - balanced-ruby/0.8.2
      Content-Type:
      - application/json
      Accept-Encoding:
      - gzip;q=1.0,deflate;q=0.6,identity;q=0.3
      Accept:
      - "*/*"
  response:
    status:
      code: 201
      message: CREATED
    headers:
      Content-Type:
      - application/json
      Date:
      - Fri, 11 Jul 2014 16:51:10 GMT
      Location:
      - http://bapi-integration-prod-8u30f7.us-west-1.vandelay.io/v1/bank_accounts/BA4bB4iqYJedH5cjoeObbSMR/verifications/BZ4lELTeh4jNNkpcC7RgZUNz
      Server:
      - ngx_openresty/1.2.6.3
      X-Balanced-Guru:
      - OHM8b87ee62091b11e4a4e806429171ffad
      X-Balanced-Host:
      - bapi-integration-prod-8u30f7-10-3-5-201
      X-Balanced-Marketplace:
      - TEST-MP4X7mSSQwAyDzwUfc5TAQ7D
      X-Balanced-Merchant:
      - TEST-MR4RZnrOZZQznEBncFS5xnVS
      X-Balanced-Revision:
      - '1.0'
      X-Balanced-Software-Build:
      - 1.2.82
      Content-Length:
      - '359'
      Connection:
      - keep-alive
    body:
      encoding: UTF-8
      string: |-
        {
          "_type": "bank_account_authentication",
          "state": "deposit_succeeded",
          "created_at": "2014-07-11T16:51:09.428653Z",
          "uri": "/v1/bank_accounts/BA4bB4iqYJedH5cjoeObbSMR/verifications/BZ4lELTeh4jNNkpcC7RgZUNz",
          "updated_at": "2014-07-11T16:51:09.740160Z",
          "attempts": 0,
          "_uris": {},
          "id": "BZ4lELTeh4jNNkpcC7RgZUNz",
          "remaining_attempts": 3
        }
    http_version: 
  recorded_at: Fri, 11 Jul 2014 16:51:10 GMT
recorded_with: VCR 2.9.2
